81814 execve("/home/kali/SandboxAnalysis/test_compiled", ["/home/kali/SandboxAnalysis/test_"...], 0x7ffd8249e6a8 /* 13 vars */) = 0
81814 brk(NULL)                         = 0x55658c0d4000
81814 mmap(NULL, 8192, PROT_READ|PROT_WRITE, MAP_PRIVATE|MAP_ANONYMOUS, -1, 0) = 0x7fd95dc45000
81814 access("/etc/ld.so.preload", R_OK) = -1 ENOENT (No such file or directory)
81814 openat(AT_FDCWD, "/etc/ld.so.cache", O_RDONLY|O_CLOEXEC) = 3
81814 fstat(3, {st_mode=S_IFREG|0644, st_size=95663, ...}) = 0
81814 mmap(NULL, 95663, PROT_READ, MAP_PRIVATE, 3, 0) = 0x7fd95dc2d000
81814 close(3)                          = 0
81814 openat(AT_FDCWD, "/lib/x86_64-linux-gnu/libc.so.6", O_RDONLY|O_CLOEXEC) = 3
81814 read(3, "\177ELF\2\1\1\3\0\0\0\0\0\0\0\0\3\0>\0\1\0\0\0p\236\2\0\0\0\0\0"..., 832) = 832
81814 pread64(3, "\6\0\0\0\4\0\0\0@\0\0\0\0\0\0\0@\0\0\0\0\0\0\0@\0\0\0\0\0\0\0"..., 840, 64) = 840
81814 fstat(3, {st_mode=S_IFREG|0755, st_size=2003408, ...}) = 0
81814 pread64(3, "\6\0\0\0\4\0\0\0@\0\0\0\0\0\0\0@\0\0\0\0\0\0\0@\0\0\0\0\0\0\0"..., 840, 64) = 840
81814 mmap(NULL, 2055800, PROT_READ, MAP_PRIVATE|MAP_DENYWRITE, 3, 0) = 0x7fd95da37000
81814 mmap(0x7fd95da5f000, 1462272, PROT_READ|PROT_EXEC, MAP_PRIVATE|MAP_FIXED|MAP_DENYWRITE, 3, 0x28000) = 0x7fd95da5f000
81814 mmap(0x7fd95dbc4000, 352256, PROT_READ, MAP_PRIVATE|MAP_FIXED|MAP_DENYWRITE, 3, 0x18d000) = 0x7fd95dbc4000
81814 mmap(0x7fd95dc1a000, 24576, PROT_READ|PROT_WRITE, MAP_PRIVATE|MAP_FIXED|MAP_DENYWRITE, 3, 0x1e2000) = 0x7fd95dc1a000
81814 mmap(0x7fd95dc20000, 52856, PROT_READ|PROT_WRITE, MAP_PRIVATE|MAP_FIXED|MAP_ANONYMOUS, -1, 0) = 0x7fd95dc20000
81814 close(3)                          = 0
81814 mmap(NULL, 12288, PROT_READ|PROT_WRITE, MAP_PRIVATE|MAP_ANONYMOUS, -1, 0) = 0x7fd95da34000
81814 arch_prctl(ARCH_SET_FS, 0x7fd95da34740) = 0
81814 set_tid_address(0x7fd95da34a10)   = 81814
81814 set_robust_list(0x7fd95da34a20, 24) = 0
81814 rseq(0x7fd95da34680, 0x20, 0, 0x53053053) = 0
81814 mprotect(0x7fd95dc1a000, 16384, PROT_READ) = 0
81814 mprotect(0x55657bc6a000, 4096, PROT_READ) = 0
81814 mprotect(0x7fd95dc81000, 8192, PROT_READ) = 0
81814 prlimit64(0, RLIMIT_STACK, NULL, {rlim_cur=8192*1024, rlim_max=RLIM64_INFINITY}) = 0
81814 munmap(0x7fd95dc2d000, 95663)     = 0
81814 fstat(1, {st_mode=S_IFSOCK|0777, st_size=0, ...}) = 0
81814 getrandom("\xa9\xe6\x48\x6e\x18\x6b\x1b\xd7", 8, GRND_NONBLOCK) = 8
81814 brk(NULL)                         = 0x55658c0d4000
81814 brk(0x55658c0f5000)               = 0x55658c0f5000
81814 write(1, "Marker s1: Services\\riodrv32\nMar"..., 147) = 147
81814 exit_group(0)                     = ?
81814 +++ exited with 0 +++
